
Allocating common symbols
Common symbol       size              file

mt_int_level        0x4               obj/irq.o
mt_last_task        0x4               obj/kernel.o
mt_fpu_task         0x4               obj/kernel.o
mt_curr_task        0x4               obj/kernel.o
mt_ticks            0x8               obj/kernel.o

Discarded input sections

 .note.GNU-stack
                0x0000000000000000        0x0 obj/kernel.o
 .note.GNU-stack
                0x0000000000000000        0x0 obj/gdt_idt.o
 .note.GNU-stack
                0x0000000000000000        0x0 obj/irq.o
 .note.GNU-stack
                0x0000000000000000        0x0 obj/string.o
 .note.GNU-stack
                0x0000000000000000        0x0 obj/sprintf.o
 .note.GNU-stack
                0x0000000000000000        0x0 obj/malloc.o
 .note.GNU-stack
                0x0000000000000000        0x0 obj/cons.o
 .note.GNU-stack
                0x0000000000000000        0x0 obj/timer.o
 .note.GNU-stack
                0x0000000000000000        0x0 obj/queue.o
 .note.GNU-stack
                0x0000000000000000        0x0 obj/math.o
 .note.GNU-stack
                0x0000000000000000        0x0 obj/sem.o
 .note.GNU-stack
                0x0000000000000000        0x0 obj/mutex.o
 .note.GNU-stack
                0x0000000000000000        0x0 obj/monitor.o
 .note.GNU-stack
                0x0000000000000000        0x0 obj/pipe.o
 .note.GNU-stack
                0x0000000000000000        0x0 obj/msgqueue.o
 .note.GNU-stack
                0x0000000000000000        0x0 obj/rand.o
 .note.GNU-stack
                0x0000000000000000        0x0 obj/filo.o
 .note.GNU-stack
                0x0000000000000000        0x0 obj/sfilo.o
 .note.GNU-stack
                0x0000000000000000        0x0 obj/xfilo.o
 .note.GNU-stack
                0x0000000000000000        0x0 obj/keyboard.o
 .note.GNU-stack
                0x0000000000000000        0x0 obj/printk.o
 .note.GNU-stack
                0x0000000000000000        0x0 obj/getline.o
 .note.GNU-stack
                0x0000000000000000        0x0 obj/shell.o
 .note.GNU-stack
                0x0000000000000000        0x0 obj/split.o
 .note.GNU-stack
                0x0000000000000000        0x0 obj/setkb.o
 .note.GNU-stack
                0x0000000000000000        0x0 obj/camino.o
 .note.GNU-stack
                0x0000000000000000        0x0 obj/camino_ns.o
 .note.GNU-stack
                0x0000000000000000        0x0 obj/atoi.o
 .note.GNU-stack
                0x0000000000000000        0x0 obj/prodcons.o
 .note.GNU-stack
                0x0000000000000000        0x0 obj/afilo.o
 .note.GNU-stack
                0x0000000000000000        0x0 obj/divz.o
 .note.GNU-stack
                0x0000000000000000        0x0 obj/mouse.o

Memory Configuration

Name             Origin             Length             Attributes
*default*        0x0000000000000000 0xffffffffffffffff

Linker script and memory map

Address of section .text-segment set to 0x100000
LOAD obj/kstart.o
LOAD obj/libasm.o
LOAD obj/interrupts.o
LOAD obj/kernel.o
LOAD obj/gdt_idt.o
LOAD obj/irq.o
LOAD obj/string.o
LOAD obj/sprintf.o
LOAD obj/malloc.o
LOAD obj/cons.o
LOAD obj/io.o
LOAD obj/timer.o
LOAD obj/queue.o
LOAD obj/math.o
LOAD obj/sem.o
LOAD obj/mutex.o
LOAD obj/monitor.o
LOAD obj/pipe.o
LOAD obj/msgqueue.o
LOAD obj/rand.o
LOAD obj/filo.o
LOAD obj/sfilo.o
LOAD obj/xfilo.o
LOAD obj/keyboard.o
LOAD obj/printk.o
LOAD obj/getline.o
LOAD obj/shell.o
LOAD obj/split.o
LOAD obj/setkb.o
LOAD obj/camino.o
LOAD obj/camino_ns.o
LOAD obj/atoi.o
LOAD obj/prodcons.o
LOAD obj/afilo.o
LOAD obj/divz.o
LOAD obj/mouse.o
                0x0000000000100000                PROVIDE (__executable_start, 0x100000)
                0x00000000001000d4                . = (0x100000 + SIZEOF_HEADERS)

.interp
 *(.interp)

.note.gnu.build-id
                0x00000000001000d4       0x24
 *(.note.gnu.build-id)
 .note.gnu.build-id
                0x00000000001000d4       0x24 obj/kstart.o

.hash
 *(.hash)

.gnu.hash
 *(.gnu.hash)

.dynsym
 *(.dynsym)

.dynstr
 *(.dynstr)

.gnu.version
 *(.gnu.version)

.gnu.version_d
 *(.gnu.version_d)

.gnu.version_r
 *(.gnu.version_r)

.rel.dyn        0x00000000001000f8        0x0
 *(.rel.init)
 *(.rel.text .rel.text.* .rel.gnu.linkonce.t.*)
 .rel.text      0x0000000000000000        0x0 obj/kstart.o
 *(.rel.fini)
 *(.rel.rodata .rel.rodata.* .rel.gnu.linkonce.r.*)
 *(.rel.data.rel.ro .rel.data.rel.ro.* .rel.gnu.linkonce.d.rel.ro.*)
 *(.rel.data .rel.data.* .rel.gnu.linkonce.d.*)
 .rel.data      0x0000000000000000        0x0 obj/kstart.o
 *(.rel.tdata .rel.tdata.* .rel.gnu.linkonce.td.*)
 *(.rel.tbss .rel.tbss.* .rel.gnu.linkonce.tb.*)
 *(.rel.ctors)
 *(.rel.dtors)
 *(.rel.got)
 *(.rel.bss .rel.bss.* .rel.gnu.linkonce.b.*)
 *(.rel.ifunc)

.rel.plt        0x00000000001000f8        0x0
 *(.rel.plt)
                0x00000000001000f8                PROVIDE (__rel_iplt_start, .)
 *(.rel.iplt)
 .rel.iplt      0x0000000000000000        0x0 obj/kstart.o
                0x00000000001000f8                PROVIDE (__rel_iplt_end, .)

.init
 *(SORT(.init))

.plt            0x0000000000100100        0x0
 *(.plt)
 *(.iplt)
 .iplt          0x0000000000000000        0x0 obj/kstart.o

.text           0x0000000000100100     0x8579
 *(.text.unlikely .text.*_unlikely .text.unlikely.*)
 *(.text.exit .text.exit.*)
 *(.text.startup .text.startup.*)
 *(.text.hot .text.hot.*)
 *(.text .stub .text.* .gnu.linkonce.t.*)
 .text          0x0000000000100100       0x1a obj/kstart.o
                0x000000000010010c                _start
 *fill*         0x000000000010011a        0x6 
 .text          0x0000000000100120       0x80 obj/libasm.o
                0x0000000000100120                mt_load_gdt
                0x0000000000100152                mt_load_idt
                0x000000000010015a                mt_context_switch
                0x000000000010017b                mt_sti
                0x000000000010017d                mt_cli
                0x000000000010017f                mt_finit
                0x0000000000100183                mt_fsave
                0x000000000010018b                mt_frstor
                0x0000000000100193                mt_stts
                0x000000000010019d                mt_clts
 .text          0x00000000001001a0      0x37f obj/interrupts.o
                0x00000000001001a0                mt_int_stubs
 .text          0x000000000010051f      0xdd1 obj/kernel.o
                0x000000000010051f                Malloc
                0x0000000000100573                StrDup
                0x00000000001005e1                Free
                0x00000000001006b6                CreateTask
                0x00000000001007bf                DeleteTask
                0x0000000000100894                CurrentTask
                0x000000000010089e                Panic
                0x00000000001008ca                Pause
                0x00000000001008e3                Yield
                0x00000000001008fc                Delay
                0x0000000000100968                Exit
                0x0000000000100981                Suspend
                0x00000000001009b2                Ready
                0x00000000001009d9                GetPriority
                0x00000000001009e4                SetPriority
                0x0000000000100a47                SetData
                0x0000000000100a62                SetSwitcher
                0x0000000000100a7c                CreateQueue
                0x0000000000100aaa                DeleteQueue
                0x0000000000100ae1                WaitQueue
                0x0000000000100af9                WaitQueueTimed
                0x0000000000100b79                SignalQueue
                0x0000000000100bc1                FlushQueue
                0x0000000000100c14                Send
                0x0000000000100c2f                SendCond
                0x0000000000100c4a                SendTimed
                0x0000000000100d96                Receive
                0x0000000000100db1                ReceiveCond
                0x0000000000100dcc                ReceiveTimed
                0x0000000000100f9c                mt_select_task
                0x0000000000101156                Atomic
                0x0000000000101169                Unatomic
                0x00000000001011a1                DisableInts
                0x00000000001011c1                RestoreInts
                0x00000000001011f4                mt_main
 .text          0x00000000001012f0      0x107 obj/gdt_idt.o
                0x00000000001013e5                mt_setup_gdt_idt
 .text          0x00000000001013f7      0x353 obj/irq.o
                0x0000000000101567                mt_int_handler
                0x00000000001015b9                mt_setup_interrupts
                0x0000000000101608                mt_set_int_handler
                0x0000000000101627                mt_set_exception_handler
                0x0000000000101646                mt_disable_irq
                0x00000000001016c6                mt_enable_irq
 .text          0x000000000010174a      0x36a obj/string.o
                0x000000000010174a                strcpy
                0x000000000010177d                strncpy
                0x00000000001017bf                strcat
                0x0000000000101804                strncat
                0x0000000000101852                strcmp
                0x000000000010188f                strncmp
                0x00000000001018d7                strchr
                0x000000000010190a                strrchr
                0x0000000000101945                strlen
                0x0000000000101971                strnlen
                0x000000000010199f                memcpy
                0x00000000001019e4                memmove
                0x0000000000101a51                memchr
                0x0000000000101a8f                memset
 .text          0x0000000000101ab4     0x14f8 obj/sprintf.o
                0x0000000000101d8f                ecvtbuf
                0x0000000000101dc2                fcvtbuf
                0x0000000000102aa1                vsprintf
                0x0000000000102f83                sprintf
 .text          0x0000000000102fac      0x202 obj/malloc.o
                0x0000000000102fac                free
                0x00000000001030ce                malloc
 .text          0x00000000001031ae      0x54c obj/cons.o
                0x000000000010333d                mt_cons_clear
                0x0000000000103381                mt_cons_clreol
                0x00000000001033e3                mt_cons_clreom
                0x0000000000103435                mt_cons_nrows
                0x000000000010343f                mt_cons_ncols
                0x0000000000103449                mt_cons_nscrolls
                0x0000000000103453                mt_cons_getxy
                0x000000000010346e                mt_cons_gotoxy
                0x0000000000103497                mt_cons_setattr
                0x00000000001034b7                mt_cons_getattr
                0x00000000001034e0                mt_cons_cursor
                0x0000000000103574                mt_cons_putc
                0x00000000001035f1                mt_cons_puts
                0x0000000000103620                mt_cons_cr
                0x0000000000103637                mt_cons_nl
                0x0000000000103662                mt_cons_tab
                0x000000000010369a                mt_cons_bs
                0x00000000001036df                mt_cons_raw
 *fill*         0x00000000001036fa        0x6 
 .text          0x0000000000103700       0x18 obj/io.o
                0x0000000000103700                inb
                0x000000000010370b                outb
 .text          0x0000000000103718       0x59 obj/timer.o
                0x0000000000103718                mt_setup_timer
 .text          0x0000000000103771      0x3f6 obj/queue.o
                0x0000000000103771                mt_enqueue
                0x0000000000103857                mt_dequeue
                0x00000000001038de                mt_peeklast
                0x00000000001038e9                mt_getlast
                0x0000000000103959                mt_enqueue_time
                0x0000000000103a57                mt_dequeue_time
                0x0000000000103af1                mt_peekfirst_time
                0x0000000000103afb                mt_getfirst_time
 .text          0x0000000000103b67       0x9b obj/math.o
                0x0000000000103be8                mt_setup_math
 .text          0x0000000000103c02      0x150 obj/sem.o
                0x0000000000103c02                CreateSem
                0x0000000000103c39                DeleteSem
                0x0000000000103c61                WaitSem
                0x0000000000103c79                WaitSemCond
                0x0000000000103c91                WaitSemTimed
                0x0000000000103ce3                SignalSem
                0x0000000000103d18                ValueSem
                0x0000000000103d22                FlushSem
 .text          0x0000000000103d52      0x147 obj/mutex.o
                0x0000000000103d52                CreateMutex
                0x0000000000103d83                DeleteMutex
                0x0000000000103dab                EnterMutex
                0x0000000000103dc3                EnterMutexCond
                0x0000000000103ddb                EnterMutexTimed
                0x0000000000103e40                LeaveMutex
 .text          0x0000000000103e99      0x281 obj/monitor.o
                0x0000000000103e99                CreateMonitor
                0x0000000000103eca                DeleteMonitor
                0x0000000000103ef2                EnterMonitor
                0x0000000000103f0a                EnterMonitorCond
                0x0000000000103f22                EnterMonitorTimed
                0x0000000000103f78                LeaveMonitor
                0x0000000000103fb9                CreateCondition
                0x0000000000103ff0                DeleteCondition
                0x0000000000104018                WaitCondition
                0x0000000000104030                WaitConditionTimed
                0x00000000001040a4                SignalCondition
                0x00000000001040de                BroadcastCondition
 .text          0x000000000010411a      0x3f5 obj/pipe.o
                0x000000000010411a                CreatePipe
                0x0000000000104205                DeletePipe
                0x0000000000104262                GetPipe
                0x000000000010427d                GetPipeCond
                0x0000000000104298                GetPipeTimed
                0x00000000001043b1                PutPipe
                0x00000000001043cc                PutPipeCond
                0x00000000001043e7                PutPipeTimed
                0x0000000000104504                AvailPipe
 .text          0x000000000010450f      0x41c obj/msgqueue.o
                0x0000000000104625                CreateMsgQueue
                0x0000000000104757                DeleteMsgQueue
                0x00000000001047d9                GetMsgQueue
                0x00000000001047f4                GetMsgQueueCond
                0x000000000010480f                GetMsgQueueTimed
                0x0000000000104873                PutMsgQueue
                0x000000000010488e                PutMsgQueueCond
                0x00000000001048a9                PutMsgQueueTimed
                0x0000000000104911                AvailMsgQueue
 .text          0x000000000010492b       0xac obj/rand.o
                0x00000000001049b8                rand
                0x00000000001049ca                srand
 .text          0x00000000001049d7      0x585 obj/filo.o
                0x0000000000104db2                phil_main
 .text          0x0000000000104f5c      0x4fb obj/sfilo.o
                0x00000000001052b7                simple_phil_main
 .text          0x0000000000105457      0x5e7 obj/xfilo.o
                0x0000000000105886                extra_phil_main
 .text          0x0000000000105a3e      0x53c obj/keyboard.o
                0x0000000000105e1a                mt_kbd_getch_timed
                0x0000000000105e42                mt_kbd_getch
                0x0000000000105e67                mt_kbd_init
                0x0000000000105f06                mt_kbd_getlayout
                0x0000000000105f10                mt_kbd_setlayout
                0x0000000000105f70                mt_kbd_layouts
 .text          0x0000000000105f7a       0xff obj/printk.o
                0x0000000000105f7a                vprintk
                0x0000000000105ff2                printk
                0x0000000000106018                cprintk
 .text          0x0000000000106079      0x14b obj/getline.o
                0x0000000000106079                mt_getline
 .text          0x00000000001061c4      0x266 obj/shell.o
                0x00000000001061c4                shell_main
 .text          0x000000000010642a      0x364 obj/split.o
                0x0000000000106481                setfs
                0x00000000001064a9                split
                0x000000000010666d                separate
 .text          0x000000000010678e       0xe5 obj/setkb.o
                0x000000000010678e                setkb_main
 .text          0x0000000000106873      0x7c4 obj/camino.o
                0x0000000000106eb8                camino_main
 .text          0x0000000000107037      0x900 obj/camino_ns.o
                0x00000000001077da                camino_ns_main
 .text          0x0000000000107937       0x9f obj/atoi.o
                0x0000000000107937                atoi
 .text          0x00000000001079d6      0x45b obj/prodcons.o
                0x0000000000107c30                prodcons_main
 .text          0x0000000000107e31      0x55c obj/afilo.o
                0x000000000010821f                atomic_phil_main
 .text          0x000000000010838d       0xe4 obj/divz.o
                0x00000000001083cf                divz_main
 .text          0x0000000000108471      0x208 obj/mouse.o
                0x00000000001084d9                mouse_write
                0x0000000000108525                mouse_read
                0x0000000000108572                mt_mouse_init
 *(.gnu.warning)

.fini
 *(SORT(.fini))
                0x0000000000108679                PROVIDE (__etext, .)
                0x0000000000108679                PROVIDE (_etext, .)
                0x0000000000108679                PROVIDE (etext, .)

.rodata         0x0000000000108680      0x9a0
 *(.rodata .rodata.* .gnu.linkonce.r.*)
 .rodata        0x0000000000108680       0xd8 obj/kernel.o
 .rodata        0x0000000000108758       0x55 obj/irq.o
 *fill*         0x00000000001087ad        0x3 
 .rodata        0x00000000001087b0      0x188 obj/sprintf.o
 .rodata        0x0000000000108938       0x29 obj/mutex.o
 *fill*         0x0000000000108961        0x3 
 .rodata        0x0000000000108964       0xff obj/monitor.o
 .rodata        0x0000000000108a63        0xe obj/pipe.o
 *fill*         0x0000000000108a71        0x3 
 .rodata        0x0000000000108a74       0x2f obj/msgqueue.o
 *fill*         0x0000000000108aa3        0x1 
 .rodata        0x0000000000108aa4       0x4e obj/filo.o
 *fill*         0x0000000000108af2        0x2 
 .rodata        0x0000000000108af4       0x4e obj/sfilo.o
 *fill*         0x0000000000108b42        0x2 
 .rodata        0x0000000000108b44       0x4e obj/xfilo.o
 .rodata        0x0000000000108b92       0x2e obj/keyboard.o
 .rodata        0x0000000000108bc0        0xf obj/getline.o
 .rodata        0x0000000000108bcf       0xbb obj/shell.o
 .rodata        0x0000000000108c8a        0x1 obj/split.o
 *fill*         0x0000000000108c8b        0x1 
 .rodata        0x0000000000108c8c       0x62 obj/setkb.o
 *fill*         0x0000000000108cee        0x2 
 .rodata        0x0000000000108cf0       0x88 obj/camino.o
 .rodata        0x0000000000108d78       0xa0 obj/camino_ns.o
 .rodata        0x0000000000108e18      0x116 obj/prodcons.o
 *fill*         0x0000000000108f2e        0x2 
 .rodata        0x0000000000108f30       0x4e obj/afilo.o
 *fill*         0x0000000000108f7e        0x2 
 .rodata        0x0000000000108f80       0x6b obj/divz.o
 .rodata        0x0000000000108feb       0x35 obj/mouse.o

.rodata1
 *(.rodata1)

.eh_frame_hdr   0x0000000000109020      0x904
 *(.eh_frame_hdr)
 .eh_frame_hdr  0x0000000000109020      0x904 obj/kernel.o

.eh_frame       0x0000000000109924     0x2488
 *(.eh_frame)
 .eh_frame      0x0000000000109924      0x58c obj/kernel.o
 .eh_frame      0x0000000000109eb0       0x60 obj/gdt_idt.o
                                         0x78 (size before relaxing)
 .eh_frame      0x0000000000109f10      0x140 obj/irq.o
                                        0x158 (size before relaxing)
 .eh_frame      0x000000000010a050      0x244 obj/string.o
                                        0x25c (size before relaxing)
 .eh_frame      0x000000000010a294      0x1e0 obj/sprintf.o
                                        0x1f8 (size before relaxing)
 .eh_frame      0x000000000010a474       0x60 obj/malloc.o
                                         0x78 (size before relaxing)
 .eh_frame      0x000000000010a4d4      0x2a8 obj/cons.o
                                        0x2c0 (size before relaxing)
 .eh_frame      0x000000000010a77c       0x20 obj/timer.o
                                         0x38 (size before relaxing)
 .eh_frame      0x000000000010a79c      0x100 obj/queue.o
                                        0x118 (size before relaxing)
 .eh_frame      0x000000000010a89c       0x44 obj/math.o
                                         0x5c (size before relaxing)
 .eh_frame      0x000000000010a8e0      0x100 obj/sem.o
                                        0x118 (size before relaxing)
 .eh_frame      0x000000000010a9e0       0xc0 obj/mutex.o
                                         0xd8 (size before relaxing)
 .eh_frame      0x000000000010aaa0      0x180 obj/monitor.o
                                        0x198 (size before relaxing)
 .eh_frame      0x000000000010ac20      0x124 obj/pipe.o
                                        0x13c (size before relaxing)
 .eh_frame      0x000000000010ad44      0x160 obj/msgqueue.o
                                        0x178 (size before relaxing)
 .eh_frame      0x000000000010aea4       0x60 obj/rand.o
                                         0x78 (size before relaxing)
 .eh_frame      0x000000000010af04      0x180 obj/filo.o
                                        0x198 (size before relaxing)
 .eh_frame      0x000000000010b084      0x160 obj/sfilo.o
                                        0x178 (size before relaxing)
 .eh_frame      0x000000000010b1e4      0x180 obj/xfilo.o
                                        0x198 (size before relaxing)
 .eh_frame      0x000000000010b364      0x15c obj/keyboard.o
                                        0x174 (size before relaxing)
 .eh_frame      0x000000000010b4c0       0x60 obj/printk.o
                                         0x78 (size before relaxing)
 .eh_frame      0x000000000010b520       0x20 obj/getline.o
                                         0x38 (size before relaxing)
 .eh_frame      0x000000000010b540       0x20 obj/shell.o
                                         0x38 (size before relaxing)
 .eh_frame      0x000000000010b560       0xc0 obj/split.o
                                         0xd8 (size before relaxing)
 .eh_frame      0x000000000010b620       0x20 obj/setkb.o
                                         0x38 (size before relaxing)
 .eh_frame      0x000000000010b640      0x1fc obj/camino.o
                                        0x214 (size before relaxing)
 .eh_frame      0x000000000010b83c      0x1bc obj/camino_ns.o
                                        0x1d4 (size before relaxing)
 .eh_frame      0x000000000010b9f8       0x20 obj/atoi.o
                                         0x38 (size before relaxing)
 .eh_frame      0x000000000010ba18      0x114 obj/prodcons.o
                                        0x12c (size before relaxing)
 .eh_frame      0x000000000010bb2c      0x180 obj/afilo.o
                                        0x198 (size before relaxing)
 .eh_frame      0x000000000010bcac       0x60 obj/divz.o
                                         0x78 (size before relaxing)
 .eh_frame      0x000000000010bd0c       0xa0 obj/mouse.o
                                         0xb8 (size before relaxing)

.gcc_except_table
 *(.gcc_except_table .gcc_except_table.*)

.exception_ranges
 *(.exception_ranges .exception_ranges*)
                0x000000000010bdac                . = (ALIGN (0x1000) - ((0x1000 - .) & 0xfff))
                0x000000000010c000                . = DATA_SEGMENT_ALIGN (0x1000, 0x1000)

.eh_frame
 *(.eh_frame)

.gcc_except_table
 *(.gcc_except_table .gcc_except_table.*)

.exception_ranges
 *(.exception_ranges .exception_ranges*)

.tdata
 *(.tdata .tdata.* .gnu.linkonce.td.*)

.tbss
 *(.tbss .tbss.* .gnu.linkonce.tb.*)
 *(.tcommon)

.preinit_array  0x000000000010c000        0x0
                0x000000000010c000                PROVIDE (__preinit_array_start, .)
 *(.preinit_array)
                0x000000000010c000                PROVIDE (__preinit_array_end, .)

.init_array     0x000000000010c000        0x0
                0x000000000010c000                PROVIDE (__init_array_start, .)
 *(SORT(.init_array.*) SORT(.ctors.*))
 *(.init_array EXCLUDE_FILE(*crtend?.o *crtend.o *crtbegin?.o *crtbegin.o) .ctors)
                0x000000000010c000                PROVIDE (__init_array_end, .)

.fini_array     0x000000000010c000        0x0
                0x000000000010c000                PROVIDE (__fini_array_start, .)
 *(SORT(.fini_array.*) SORT(.dtors.*))
 *(.fini_array EXCLUDE_FILE(*crtend?.o *crtend.o *crtbegin?.o *crtbegin.o) .dtors)
                0x000000000010c000                PROVIDE (__fini_array_end, .)

.ctors
 *crtbegin.o(.ctors)
 *crtbegin?.o(.ctors)
 *(EXCLUDE_FILE(*crtend?.o *crtend.o) .ctors)
 *(SORT(.ctors.*))
 *(.ctors)

.dtors
 *crtbegin.o(.dtors)
 *crtbegin?.o(.dtors)
 *(EXCLUDE_FILE(*crtend?.o *crtend.o) .dtors)
 *(SORT(.dtors.*))
 *(.dtors)

.jcr
 *(.jcr)

.data.rel.ro
 *(.data.rel.ro.local* .gnu.linkonce.d.rel.ro.local.*)
 *(.data.rel.ro .data.rel.ro.* .gnu.linkonce.d.rel.ro.*)

.dynamic
 *(.dynamic)

.got
 *(.got)
 *(.igot)
                0x000000000010c000                . = DATA_SEGMENT_RELRO_END (., (SIZEOF (.got.plt) >= 0xc)?0xc:0x0)

.got.plt        0x000000000010c000        0x0
 *(.got.plt)
 *(.igot.plt)
 .igot.plt      0x0000000000000000        0x0 obj/kstart.o

.data           0x000000000010c000      0xf14
 *(.data .data.* .gnu.linkonce.d.*)
 .data          0x000000000010c000        0x0 obj/kernel.o
 .data          0x000000000010c000       0x18 obj/gdt_idt.o
 .data          0x000000000010c018        0x0 obj/irq.o
 .data          0x000000000010c018        0x0 obj/string.o
 .data          0x000000000010c018        0x8 obj/sprintf.o
 .data          0x000000000010c020        0x0 obj/malloc.o
 .data          0x000000000010c020        0xc obj/cons.o
 .data          0x000000000010c02c        0x0 obj/timer.o
 .data          0x000000000010c02c        0x0 obj/queue.o
 .data          0x000000000010c02c        0x0 obj/math.o
 .data          0x000000000010c02c        0x0 obj/sem.o
 .data          0x000000000010c02c        0x0 obj/mutex.o
 .data          0x000000000010c02c        0x0 obj/monitor.o
 .data          0x000000000010c02c        0x0 obj/pipe.o
 .data          0x000000000010c02c        0x0 obj/msgqueue.o
 .data          0x000000000010c02c        0x4 obj/rand.o
 *fill*         0x000000000010c030       0x10 
 .data          0x000000000010c040       0x50 obj/filo.o
 *fill*         0x000000000010c090       0x30 
 .data          0x000000000010c0c0       0x50 obj/sfilo.o
 *fill*         0x000000000010c110       0x30 
 .data          0x000000000010c140       0x50 obj/xfilo.o
 *fill*         0x000000000010c190       0x30 
 .data          0x000000000010c1c0      0xc20 obj/keyboard.o
                0x000000000010c1c0                keymap_us_std
                0x000000000010c7c0                keymap_spanish
 .data          0x000000000010cde0        0x0 obj/printk.o
 .data          0x000000000010cde0        0x0 obj/getline.o
 *fill*         0x000000000010cde0       0x20 
 .data          0x000000000010ce00       0x58 obj/shell.o
 .data          0x000000000010ce58        0xc obj/split.o
 .data          0x000000000010ce64        0x0 obj/setkb.o
 .data          0x000000000010ce64        0x4 obj/camino.o
 .data          0x000000000010ce68        0x4 obj/camino_ns.o
 .data          0x000000000010ce6c        0x0 obj/atoi.o
 *fill*         0x000000000010ce6c       0x14 
 .data          0x000000000010ce80       0x40 obj/prodcons.o
 .data          0x000000000010cec0       0x50 obj/afilo.o
 .data          0x000000000010cf10        0x0 obj/divz.o
 .data          0x000000000010cf10        0x4 obj/mouse.o

.data1
 *(.data1)
                0x000000000010cf14                _edata = .
                0x000000000010cf14                PROVIDE (edata, .)
                0x000000000010cf14                . = .
                0x000000000010cf14                __bss_start = .

.bss            0x000000000010cf40   0x80861c
 *(.dynbss)
 *(.bss .bss.* .gnu.linkonce.b.*)
 .bss           0x000000000010cf40     0x4000 obj/kstart.o
 .bss           0x0000000000110f40        0x6 obj/libasm.o
 *fill*         0x0000000000110f46        0x2 
 .bss           0x0000000000110f48     0x4014 obj/interrupts.o
 *fill*         0x0000000000114f5c       0x24 
 .bss           0x0000000000114f80       0x7c obj/kernel.o
 *fill*         0x0000000000114ffc        0x4 
 .bss           0x0000000000115000      0x180 obj/gdt_idt.o
 .bss           0x0000000000115180       0xc0 obj/irq.o
 .bss           0x0000000000115240        0x0 obj/string.o
 .bss           0x0000000000115240        0x0 obj/sprintf.o
 .bss           0x0000000000115240   0x800010 obj/malloc.o
 .bss           0x0000000000915250       0x10 obj/cons.o
 .bss           0x0000000000915260        0x0 obj/timer.o
 .bss           0x0000000000915260        0xc obj/queue.o
 .bss           0x000000000091526c        0x0 obj/math.o
 .bss           0x000000000091526c        0x0 obj/sem.o
 .bss           0x000000000091526c        0x0 obj/mutex.o
 .bss           0x000000000091526c        0x0 obj/monitor.o
 .bss           0x000000000091526c        0x0 obj/pipe.o
 .bss           0x000000000091526c        0x0 obj/msgqueue.o
 .bss           0x000000000091526c        0x0 obj/rand.o
 .bss           0x000000000091526c       0x2c obj/filo.o
 .bss           0x0000000000915298       0x1c obj/sfilo.o
 .bss           0x00000000009152b4       0x40 obj/xfilo.o
 .bss           0x00000000009152f4       0x48 obj/keyboard.o
 .bss           0x000000000091533c        0x0 obj/printk.o
 .bss           0x000000000091533c        0x0 obj/getline.o
 .bss           0x000000000091533c        0x0 obj/shell.o
 .bss           0x000000000091533c        0x0 obj/split.o
 .bss           0x000000000091533c        0x0 obj/setkb.o
 *fill*         0x000000000091533c        0x4 
 .bss           0x0000000000915340       0x8c obj/camino.o
 *fill*         0x00000000009153cc       0x34 
 .bss           0x0000000000915400       0x88 obj/camino_ns.o
 .bss           0x0000000000915488        0x0 obj/atoi.o
 *fill*         0x0000000000915488       0x18 
 .bss           0x00000000009154a0       0x64 obj/prodcons.o
 .bss           0x0000000000915504       0x3c obj/afilo.o
 .bss           0x0000000000915540        0x0 obj/divz.o
 .bss           0x0000000000915540        0x0 obj/mouse.o
 *(COMMON)
 COMMON         0x0000000000915540       0x18 obj/kernel.o
                0x0000000000915540                mt_last_task
                0x0000000000915544                mt_fpu_task
                0x0000000000915548                mt_curr_task
                0x0000000000915550                mt_ticks
 COMMON         0x0000000000915558        0x4 obj/irq.o
                0x0000000000915558                mt_int_level
                0x000000000091555c                . = ALIGN ((. != 0x0)?0x4:0x1)
                0x000000000091555c                . = ALIGN (0x4)
                0x000000000091555c                . = SEGMENT_START ("ldata-segment", .)
                0x000000000091555c                . = ALIGN (0x4)
                0x000000000091555c                _end = .
                0x000000000091555c                PROVIDE (end, .)
                0x000000000091555c                . = DATA_SEGMENT_END (.)

.stab
 *(.stab)

.stabstr
 *(.stabstr)

.stab.excl
 *(.stab.excl)

.stab.exclstr
 *(.stab.exclstr)

.stab.index
 *(.stab.index)

.stab.indexstr
 *(.stab.indexstr)

.comment        0x0000000000000000       0x27
 *(.comment)
 .comment       0x0000000000000000       0x27 obj/kernel.o
                                         0x28 (size before relaxing)
 .comment       0x0000000000000000       0x28 obj/gdt_idt.o
 .comment       0x0000000000000000       0x28 obj/irq.o
 .comment       0x0000000000000000       0x28 obj/string.o
 .comment       0x0000000000000000       0x28 obj/sprintf.o
 .comment       0x0000000000000000       0x28 obj/malloc.o
 .comment       0x0000000000000000       0x28 obj/cons.o
 .comment       0x0000000000000000       0x28 obj/timer.o
 .comment       0x0000000000000000       0x28 obj/queue.o
 .comment       0x0000000000000000       0x28 obj/math.o
 .comment       0x0000000000000000       0x28 obj/sem.o
 .comment       0x0000000000000000       0x28 obj/mutex.o
 .comment       0x0000000000000000       0x28 obj/monitor.o
 .comment       0x0000000000000000       0x28 obj/pipe.o
 .comment       0x0000000000000000       0x28 obj/msgqueue.o
 .comment       0x0000000000000000       0x28 obj/rand.o
 .comment       0x0000000000000000       0x28 obj/filo.o
 .comment       0x0000000000000000       0x28 obj/sfilo.o
 .comment       0x0000000000000000       0x28 obj/xfilo.o
 .comment       0x0000000000000000       0x28 obj/keyboard.o
 .comment       0x0000000000000000       0x28 obj/printk.o
 .comment       0x0000000000000000       0x28 obj/getline.o
 .comment       0x0000000000000000       0x28 obj/shell.o
 .comment       0x0000000000000000       0x28 obj/split.o
 .comment       0x0000000000000000       0x28 obj/setkb.o
 .comment       0x0000000000000000       0x28 obj/camino.o
 .comment       0x0000000000000000       0x28 obj/camino_ns.o
 .comment       0x0000000000000000       0x28 obj/atoi.o
 .comment       0x0000000000000000       0x28 obj/prodcons.o
 .comment       0x0000000000000000       0x28 obj/afilo.o
 .comment       0x0000000000000000       0x28 obj/divz.o
 .comment       0x0000000000000000       0x28 obj/mouse.o

.debug
 *(.debug)

.line
 *(.line)

.debug_srcinfo
 *(.debug_srcinfo)

.debug_sfnames
 *(.debug_sfnames)

.debug_aranges
 *(.debug_aranges)

.debug_pubnames
 *(.debug_pubnames)

.debug_info
 *(.debug_info .gnu.linkonce.wi.*)

.debug_abbrev
 *(.debug_abbrev)

.debug_line
 *(.debug_line .debug_line.* .debug_line_end)

.debug_frame
 *(.debug_frame)

.debug_str
 *(.debug_str)

.debug_loc
 *(.debug_loc)

.debug_macinfo
 *(.debug_macinfo)

.debug_weaknames
 *(.debug_weaknames)

.debug_funcnames
 *(.debug_funcnames)

.debug_typenames
 *(.debug_typenames)

.debug_varnames
 *(.debug_varnames)

.debug_pubtypes
 *(.debug_pubtypes)

.debug_ranges
 *(.debug_ranges)

.debug_macro
 *(.debug_macro)

.gnu.attributes
 *(.gnu.attributes)

/DISCARD/
 *(.note.GNU-stack)
 *(.gnu_debuglink)
 *(.gnu.lto_*)
OUTPUT(mtask elf32-i386)
